<!DOCTYPE html>
<html lang="en">
<head>
    <meta charset="UTF-8">
    <title></title>
    <!-- begin:css -->
    <link rel="stylesheet" type="text/css" href="css/file1.css">
    <link rel="stylesheet" type="text/css" href="css/file2.css">
    <!-- end:css -->
</head>
<body>


    <!-- begin:js -->
    <script src="js/file1.js"></script>
    <script src="js/file2.js"></script>
    <script src="js/file3.js"></script>
    <script src="js/file4.js"></script>
    <script src="js/file5.js"></script>
    <!-- end:js -->
</body>
</html>
